{
  "format": "repo-standards/inspection/v2",
  "discovery": {
    "identity": "sha256:9472092055be7c3a1fc9de4d899419b16f630d60e9cea960501ea5bb0494f28d",
    "declarations": [
      {
        "id": "docs",
        "source": "discovery.md",
        "sha256": "817ffa990eea24744a850d52f02391db88cc2a8c54d3d70b7c2aa8503c9b71df",
        "executable": false,
        "encoding": "utf8",
        "content": "Use project ownership and manifests; explain excluded former projects."
      }
    ],
    "evidence": [
      {
        "kind": "directory",
        "path": ".",
        "identity": "sha256:38fd0f891e71a1dc80fa6d2fe6eb25f6a630b93b2bdb0800f85fa4e1890e9eaf"
      },
      {
        "kind": "directory",
        "path": "apps",
        "identity": "sha256:e40bd6fdde4a657042deb7f66b34934bc18a6d46eb74d58fe961354d8f93fdb2"
      },
      {
        "kind": "directory",
        "path": "apps/amended",
        "identity": "sha256:bad293a5c028229da53dd6d9320af8fa817270368004a7ec20d9427290ea1b91"
      },
      {
        "kind": "directory",
        "path": "apps/old",
        "identity": "sha256:ff7a0e5aa63de7e522bc9f639ec5331745041b0d78810599507a7a783973748b"
      },
      {
        "kind": "file",
        "path": "apps/amended/README.md",
        "identity": "sha256:eba870336227462717c80b4e0ca9145084c04be0e572b992420b8b15d51377a9"
      },
      {
        "kind": "file",
        "path": "apps/old/README.md",
        "identity": "sha256:f1bf53d4fba0fea81e79797be7ea6007c78af08b0031e898ba2b8b3b7194fd9a"
      },
      {
        "kind": "file",
        "path": "standards.yaml",
        "identity": "sha256:34ec4b9081ab3442a44f8f275c7700deca938f9d934d655a3fac0f95a249827c"
      }
    ],
    "observation": {
      "files": {
        "apps/amended/README.md": {
          "type": "file",
          "sha256": "b72edd666e4d2c708244bdd0ae1d57c0deeb0200398c9015179efb77d03f4ab0",
          "executable": false
        },
        "apps/old/README.md": {
          "type": "file",
          "sha256": "961e4d9b5985381d411330a903a979e425485c180cc1869cfb0a06efc145511a",
          "executable": false
        },
        "standards.yaml": {
          "type": "file",
          "sha256": "e3b0c44298fc1c149afbf4c8996fb92427ae41e4649b934ca495991b7852b855",
          "executable": false
        }
      },
      "inventories": {
        ".": [
          "apps",
          "standards.yaml"
        ],
        "apps": [
          "apps/amended",
          "apps/old"
        ],
        "apps/amended": [
          "apps/amended/README.md"
        ],
        "apps/old": [
          "apps/old/README.md"
        ]
      },
      "boundaries": {
        "apps": {
          "type": "directory",
          "mode": 448
        },
        "apps/amended": {
          "type": "directory",
          "mode": 448
        },
        "apps/old": {
          "type": "directory",
          "mode": 448
        }
      },
      "targets": {},
      "settings": {
        "core.ignorecase": null,
        "core.precomposeunicode": null,
        "core.filemode": "true",
        "core.symlinks": null,
        "core.sparsecheckout": null,
        "core.sparsecheckoutcone": null
      },
      "ignores": {
        "global": {
          "location": "/home/agents/.config/git/ignore",
          "state": {
            "type": "missing"
          }
        },
        "info": {
          "location": "/tmp/repo-standards-source-LSYWhf/.git/info/exclude",
          "state": {
            "type": "file",
            "sha256": "6671fe83b7a07c8932ee89164d1f2793b2318058eb8b98dc5c06ee0a5a3b0ec1",
            "executable": false
          }
        },
        ".gitignore": {
          "location": ".gitignore",
          "state": {
            "type": "missing"
          }
        },
        "apps/.gitignore": {
          "location": "apps/.gitignore",
          "state": {
            "type": "missing"
          }
        },
        "apps/amended/.gitignore": {
          "location": "apps/amended/.gitignore",
          "state": {
            "type": "missing"
          }
        },
        "apps/old/.gitignore": {
          "location": "apps/old/.gitignore",
          "state": {
            "type": "missing"
          }
        }
      },
      "limits": {
        "paths": 20000,
        "fileBytes": 8388608,
        "totalBytes": 67108864,
        "depth": 128
      },
      "evidence": [
        {
          "kind": "directory",
          "path": ".",
          "identity": "sha256:38fd0f891e71a1dc80fa6d2fe6eb25f6a630b93b2bdb0800f85fa4e1890e9eaf"
        },
        {
          "kind": "directory",
          "path": "apps",
          "identity": "sha256:e40bd6fdde4a657042deb7f66b34934bc18a6d46eb74d58fe961354d8f93fdb2"
        },
        {
          "kind": "directory",
          "path": "apps/amended",
          "identity": "sha256:bad293a5c028229da53dd6d9320af8fa817270368004a7ec20d9427290ea1b91"
        },
        {
          "kind": "directory",
          "path": "apps/old",
          "identity": "sha256:ff7a0e5aa63de7e522bc9f639ec5331745041b0d78810599507a7a783973748b"
        },
        {
          "kind": "file",
          "path": "apps/amended/README.md",
          "identity": "sha256:eba870336227462717c80b4e0ca9145084c04be0e572b992420b8b15d51377a9"
        },
        {
          "kind": "file",
          "path": "apps/old/README.md",
          "identity": "sha256:f1bf53d4fba0fea81e79797be7ea6007c78af08b0031e898ba2b8b3b7194fd9a"
        },
        {
          "kind": "file",
          "path": "standards.yaml",
          "identity": "sha256:34ec4b9081ab3442a44f8f275c7700deca938f9d934d655a3fac0f95a249827c"
        }
      ]
    }
  },
  "sourceResolved": {
    "description": "Work",
    "declarations": [
      {
        "id": "docs",
        "checks": [],
        "fixes": [],
        "kind": "repository",
        "guidance": "guidance.md",
        "discovery": "discovery.md"
      },
      {
        "id": "instructions",
        "checks": [],
        "fixes": [],
        "kind": "file",
        "target": "AGENTS.md",
        "exact": "agents.md"
      }
    ]
  },
  "selection": {
    "cli": {
      "package": "@lutzseverino/repo-standards",
      "version": "1.2.1"
    },
    "standards": {
      "repository": "https://github.com/alice/standards",
      "version": "v1.0.0",
      "commit": "c9dea004eebff677f316adffcc2b19cc561e8f15"
    },
    "profile": "work"
  },
  "source": {
    "format": "repo-standards/v2",
    "name": "growing-projects",
    "description": "Documentation for maintained projects",
    "requires": {
      "repo-standards": ">=1 <2"
    }
  },
  "resolved": {
    "description": "Work",
    "declarations": [
      {
        "id": "instructions",
        "checks": [],
        "fixes": [],
        "kind": "file",
        "target": "AGENTS.md",
        "exact": "agents.md"
      }
    ]
  },
  "exact": [
    {
      "id": "instructions",
      "target": "AGENTS.md",
      "action": "create",
      "files": [
        {
          "path": "AGENTS.md",
          "before": {
            "type": "missing"
          },
          "after": {
            "type": "file",
            "sha256": "0c1116331d2e29d508131a934726e3c5c2ce2b212ce56fe5db1868ee9e60a7c0",
            "executable": false,
            "encoding": "utf8",
            "content": "Pinned instructions\n"
          }
        }
      ]
    }
  ],
  "guidance": [
    {
      "id": "docs",
      "targets": [],
      "discoveryRequired": true,
      "source": "guidance.md",
      "sha256": "4ee3889152fe28c2ed5e93324a63d793bb4405a7a6dd998e82a11e021950f10f",
      "executable": false,
      "encoding": "utf8",
      "content": "Keep every maintained project README useful."
    }
  ],
  "operations": [],
  "inputs": {
    "guidance.md": {
      "type": "file",
      "sha256": "4ee3889152fe28c2ed5e93324a63d793bb4405a7a6dd998e82a11e021950f10f",
      "executable": false,
      "encoding": "utf8",
      "content": "Keep every maintained project README useful."
    },
    "discovery.md": {
      "type": "file",
      "sha256": "817ffa990eea24744a850d52f02391db88cc2a8c54d3d70b7c2aa8503c9b71df",
      "executable": false,
      "encoding": "utf8",
      "content": "Use project ownership and manifests; explain excluded former projects."
    },
    "agents.md": {
      "type": "file",
      "sha256": "0c1116331d2e29d508131a934726e3c5c2ce2b212ce56fe5db1868ee9e60a7c0",
      "executable": false,
      "encoding": "utf8",
      "content": "Pinned instructions\n"
    }
  },
  "manifest": "format: repo-standards/v2\nname: growing-projects\ndescription: Documentation for maintained projects\nrequires:\n  repo-standards: \">=1 <2\"\ndefaults:\n  declarations: {}\nprofiles:\n  work:\n    description: Work\n    declarations:\n      docs:\n        checks: []\n        fixes: []\n        kind: repository\n        guidance: guidance.md\n        discovery: discovery.md\n      instructions:\n        checks: []\n        fixes: []\n        kind: file\n        target: AGENTS.md\n        exact: agents.md\n",
  "project": {
    "root": "/tmp/repo-standards-source-LSYWhf",
    "head": "4332686c953b274b93b55aeb458bd748e75109ce",
    "status": "",
    "index": "100644 c1954588164ee7d053a4bc94a8bdbce91225e097 0\tapps/amended/README.md\u0000100644 11f5b073c7971636628d38e847a1a5de735f7b8f 0\tapps/old/README.md\u0000100644 e69de29bb2d1d6434b8b29ae775ad8c2e48c5391 0\tstandards.yaml\u0000",
    "hidden": [],
    "affected": {
      "AGENTS.md": {
        "type": "missing"
      }
    },
    "productState": {
      "type": "missing"
    },
    "systemSkill": {
      "type": "missing"
    }
  },
  "start": {
    "eligible": false,
    "blockers": [
      {
        "code": "DISCOVERY_REQUIRED",
        "message": "Interpret the discovery guidance and submit an evidence-backed repo-standards/scope/v1 proposal with inspect --scope."
      }
    ],
    "prerequisites": "none"
  },
  "identity": "sha256:dd5a076d1a5d9403d9150fdee9fe98c75e9e70dfafbc766feeb80a812694552f"
}
